yarn run v1.22.22
$ craco start
(node:71039) [DEP_WEBPACK_DEV_SERVER_ON_AFTER_SETUP_MIDDLEWARE] DeprecationWarning: 'onAfterSetupMiddleware' option is deprecated. Please use the 'setupMiddlewares' option.
(Use `node --trace-deprecation ...` to show where the warning was created)
(node:71039) [DEP_WEBPACK_DEV_SERVER_ON_BEFORE_SETUP_MIDDLEWARE] DeprecationWarning: 'onBeforeSetupMiddleware' option is deprecated. Please use the 'setupMiddlewares' option.
Starting the development server...

Compiled with warnings.

Failed to parse source map from '/app/node_modules/@mediapipe/tasks-vision/vision_bundle_mjs.js.map' file: Error: ENOENT: no such file or directory, open '/app/node_modules/@mediapipe/tasks-vision/vision_bundle_mjs.js.map'

[eslint]
src/components/game/AdminPanel.js
  Line 80:6:  React Hook useEffect has a missing dependency: 'fetchData'. Either include it or remove the dependency array  react-hooks/exhaustive-deps

src/components/game/Maze3D.js
  Line 146:42:  The ref value 'canvasRef.current' will likely have changed by the time this effect cleanup function runs. If this ref points to a node rendered by React, copy 'canvasRef.current' to a variable inside the effect, and use that variable in the cleanup function  react-hooks/exhaustive-deps
  Line 151:6:   React Hook useEffect has missing dependencies: 'character' and 'handleEvent'. Either include them or remove the dependency array                                                                                                                                   react-hooks/exhaustive-deps

src/context/AuthContext.js
  Line 22:6:  React Hook useEffect has a missing dependency: 'fetchUser'. Either include it or remove the dependency array  react-hooks/exhaustive-deps

src/pages/GamePage.js
  Line 158:6:  React Hook useEffect has a missing dependency: 'handleCombat'. Either include it or remove the dependency array  react-hooks/exhaustive-deps

Search for the keywords to learn more about each warning.
To ignore, add // eslint-disable-next-line to the line before.

WARNING in ./node_modules/@mediapipe/tasks-vision/vision_bundle.mjs
Module Warning (from ./node_modules/source-map-loader/dist/cjs.js):
Failed to parse source map from '/app/node_modules/@mediapipe/tasks-vision/vision_bundle_mjs.js.map' file: Error: ENOENT: no such file or directory, open '/app/node_modules/@mediapipe/tasks-vision/vision_bundle_mjs.js.map'

WARNING in [eslint]
src/components/game/AdminPanel.js
  Line 80:6:  React Hook useEffect has a missing dependency: 'fetchData'. Either include it or remove the dependency array  react-hooks/exhaustive-deps

src/components/game/Maze3D.js
  Line 146:42:  The ref value 'canvasRef.current' will likely have changed by the time this effect cleanup function runs. If this ref points to a node rendered by React, copy 'canvasRef.current' to a variable inside the effect, and use that variable in the cleanup function  react-hooks/exhaustive-deps
  Line 151:6:   React Hook useEffect has missing dependencies: 'character' and 'handleEvent'. Either include them or remove the dependency array                                                                                                                                   react-hooks/exhaustive-deps

src/context/AuthContext.js
  Line 22:6:  React Hook useEffect has a missing dependency: 'fetchUser'. Either include it or remove the dependency array  react-hooks/exhaustive-deps

src/pages/GamePage.js
  Line 158:6:  React Hook useEffect has a missing dependency: 'handleCombat'. Either include it or remove the dependency array  react-hooks/exhaustive-deps

webpack compiled with 2 warnings
